// Jest Snapshot v1, https://goo.gl/fbAQLP

exports[`SiteNavigation renders correctly 1`] = `
<div
  className="sc-bdVaJa ekuuOW"
>
  <a
    href="/"
  >
    home
  </a>
  <a
    href="/"
    partiallyActive={true}
  >
    bio
  </a>
  <a
    href="/blog"
    partiallyActive={true}
  >
    blog
  </a>
</div>
`;
